\BOOKMARK [1][-]{section.1}{\376\377\000I\000N\000T\000R\000O\000D\000U\000C\000T\000I\000O\000N}{}% 1
\BOOKMARK [1][-]{section.2}{\376\377\166\370\121\163\135\345\117\134}{}% 2
\BOOKMARK [2][-]{subsection.2.1}{\376\377\133\275\211\306\127\072\166\370\147\072\152\041\127\213\116\016\150\007\133\232}{section.2}% 3
\BOOKMARK [2][-]{subsection.2.2}{\376\377\150\007\133\232\166\356\150\007\116\016\211\302\155\113\147\204\220\040}{section.2}% 4
\BOOKMARK [2][-]{subsection.2.3}{\376\377\131\032\150\007\133\232\147\177\150\007\133\232}{section.2}% 5
\BOOKMARK [1][-]{section.3}{\376\377\000M\000e\000t\000h\000o\000d}{}% 6
\BOOKMARK [2][-]{subsection.3.1}{\376\377\000M\000u\000l\000t\000i\000-\000B\000o\000a\000r\000d\000\040\000T\000a\000r\000g\000e\000t\000\040\000F\000o\000r\000m\000u\000l\000a\000t\000i\000o\000n}{section.3}% 7
\BOOKMARK [2][-]{subsection.3.2}{\376\377\000C\000a\000m\000e\000r\000a\000\040\000M\000o\000d\000e\000l\000\040\000I\000n\000i\000t\000i\000a\000l\000i\000z\000a\000t\000i\000o\000n}{section.3}% 8
\BOOKMARK [2][-]{subsection.3.3}{\376\377\000I\000n\000t\000e\000r\000n\000a\000l\000\040\000L\000a\000t\000t\000i\000c\000e\000\040\000P\000o\000i\000n\000t\000\040\000R\000e\000c\000o\000v\000e\000r\000y}{section.3}% 9
\BOOKMARK [2][-]{subsection.3.4}{\376\377\000S\000p\000h\000e\000r\000i\000c\000a\000l\000\040\000B\000u\000n\000d\000l\000e\000\040\000A\000d\000j\000u\000s\000t\000m\000e\000n\000t}{section.3}% 10
\BOOKMARK [1][-]{section.4}{\376\377\000E\000X\000P\000E\000R\000I\000M\000E\000N\000T}{}% 11
\BOOKMARK [2][-]{subsection.4.1}{\376\377\000E\000x\000p\000e\000r\000i\000m\000e\000n\000t\000a\000l\000\040\000S\000e\000t\000u\000p}{section.4}% 12
\BOOKMARK [2][-]{subsection.4.2}{\376\377\000A\000b\000l\000a\000t\000i\000o\000n}{section.4}% 13
\BOOKMARK [3][-]{subsubsection.4.2.1}{\376\377\000I\000n\000t\000e\000r\000n\000a\000l\000\040\000S\000e\000e\000d\000\040\000G\000e\000n\000e\000r\000a\000t\000i\000o\000n}{subsection.4.2}% 14
\BOOKMARK [3][-]{subsubsection.4.2.2}{\376\377\000I\000n\000t\000e\000r\000n\000a\000l\000\040\000O\000b\000s\000e\000r\000v\000a\000t\000i\000o\000n\000\040\000E\000v\000a\000l\000u\000a\000t\000i\000o\000n}{subsection.4.2}% 15
\BOOKMARK [2][-]{subsection.4.3}{\376\377\000C\000a\000m\000e\000r\000a\000\040\000P\000o\000s\000e\000\040\000E\000s\000t\000i\000m\000a\000t\000i\000o\000n}{section.4}% 16
\BOOKMARK [2][-]{subsection.4.4}{\376\377\000C\000a\000m\000e\000r\000a\000\040\000P\000o\000s\000e\000\040\000E\000s\000t\000i\000m\000a\000t\000i\000o\000n}{section.4}% 17
\BOOKMARK [2][-]{subsection.4.5}{\376\377\000D\000o\000w\000n\000s\000t\000r\000e\000a\000m}{section.4}% 18
\BOOKMARK [1][-]{section.5}{\376\377\000C\000O\000N\000C\000L\000U\000S\000I\000O\000N\000S}{}% 19
\BOOKMARK [1][-]{section*.3}{\376\377\000R\000e\000f\000e\000r\000e\000n\000c\000e\000s}{}% 20
